{
    "TCOFFEE_SEQREFORMAT seqidscore": {
        "content": [
            {
                "0": [
                    [
                        {
                            "id": "test"
                        },
                        "test_sim_idscore.txt:md5,fdaa411d62bd66b5c30b21fd5b85a914"
                    ]
                ],
                "1": [
                    "versions.yml:md5,3d20cd75c70207f3df702f531b584582"
                ],
                "formatted_file": [
                    [
                        {
                            "id": "test"
                        },
                        "test_sim_idscore.txt:md5,fdaa411d62bd66b5c30b21fd5b85a914"
                    ]
                ],
                "versions": [
                    "versions.yml:md5,3d20cd75c70207f3df702f531b584582"
                ]
            }
        ],
        "timestamp": "2023-10-20T17:35:48.746451"
    }
}