{
    "Should run without failures": {
        "content": [
            [
                "versions.yml:md5,fec13b593c3b42ddd38f2fc77df25b70"
            ]
        ],
        "timestamp": "2023-10-12T10:40:51.717351"
    }
}