{
    "Should run without failures": {
        "content": [
            {
                "0": [
                    [
                        {
                            "id": "test",
                            "single_end": false
                        },
                        "test.stats:md5,6e768486d5df0257351c5419a79f9c9b"
                    ]
                ],
                "1": [
                    "versions.yml:md5,08035f3409d934d47a416150884bb0df"
                ],
                "stats": [
                    [
                        {
                            "id": "test",
                            "single_end": false
                        },
                        "test.stats:md5,6e768486d5df0257351c5419a79f9c9b"
                    ]
                ],
                "versions": [
                    "versions.yml:md5,08035f3409d934d47a416150884bb0df"
                ]
            }
        ],
        "timestamp": "2023-10-18T11:59:06.906923"
    }
}