{
    "se_versions": {
        "content": [
            [
                "versions.yml:md5,f981ad0cc089194a8fb00a47948eea94"
            ]
        ],
        "timestamp": "2023-10-30T22:11:17.982220232"
    },
    "se_log": {
        "content": [
            [
                [
                    {
                        "id": "test",
                        "single_end": true
                    },
                    "test.log.txt:md5,9c166f0c50cd4fdbdbf1bff9d5d8aba2"
                ]
            ]
        ],
        "timestamp": "2023-10-30T22:11:17.973230763"
    },
    "abundance_tsv_single": {
        "content": [
            [
                "abundance.h5:md5,56f323d9ba10b4cc6ae3d28830e63efe",
                "abundance.tsv:md5,8a4afe91e6a75b4e619daaf664eb7d9b",
                "run_info.json:md5,aca46f70b74450a01cb60bc2d4073285"
            ]
        ],
        "timestamp": "2023-11-01T19:44:14.303819267"
    }
}